gpg-pubkey-b86b3716-61e69f29 1642503977 0 (none) installed
gpg-pubkey-3228467c-613798eb 1631033579 0 (none) installed
rust-srpm-macros-17-4.el9.noarch 1644579138 2447 c2a61f5735180ef25a79ba4139c049e5 installed
rust-srpm-macros-epel-26.3-1.el9.noarch 1715974806 2907 f2cae61d2d5501f547c200dfb2c6f670 installed
qt6-srpm-macros-6.6.2-1.el9.noarch 1714509998 456 8b2431231baa0f317fa2536ecad7f3ae installed
ghc-srpm-macros-epel-1.9.1-1.el9.noarch 1734443439 498 b97dfc85336d63781d1ff152f2fadc6b installed
fpc-srpm-macros-1.3-7.el9.noarch 1676900002 144 bd6bb74a216ab5498ee5ab7981c3f401 installed
ansible-srpm-macros-1-16.el9.noarch 1726849052 36518 fb4f820e4d0d31d624d72536160aad01 installed
qt5-srpm-macros-5.15.9-1.el9.noarch 1695786489 492 f4b8798dffd67a149ba9546ee98890d3 installed
perl-srpm-macros-1-41.el9.noarch 1648211262 862 a7d1dd3647ab0baaf9374cd04d138efc installed
openblas-srpm-macros-2-11.el9.noarch 1644518888 104 ab6a0d86bdb28cb3845fc9275bff6d04 installed
ocaml-srpm-macros-6-6.el9.noarch 1645006823 745 c02264f1ab836473c0a0ac36c2b69d11 installed
ghc-srpm-macros-1.5.0-6.el9.noarch 1643558412 535 f1cf0b239c626086e43fc5b8bfdc8947 installed
tzdata-2026a-1.el9.noarch 1773835361 1921002 90194402773512bf75a3eccf6a818fe3 installed
publicsuffix-list-dafsa-20210518-3.el9.noarch 1649930311 68815 9049001bc986a7b3edc7bfab7f32187f installed
pkgconf-m4-1.7.3-10.el9.noarch 1680812438 14187 d797f52d2d8f1726a55a11e521e32b5e installed
pcre2-syntax-10.40-6.el9.noarch 1727910892 234324 be0c82ff0f81fe9d5b19826b81fd360e installed
ncurses-base-6.2-12.20210508.el9.noarch 1758446429 307293 c2dcbe72ecfb332701b74fe277803371 installed
libssh-config-0.10.4-17.el9_7.noarch 1766034432 277 13493c9c737ec1b8ec39c3f75565cc1b installed
coreutils-common-8.32-39.el9.x86_64 1741783836 10880476 8092759fe4fce9ba4575f40e98ae1af8 installed
almalinux-gpg-keys-9.7-1.el9.x86_64 1762856138 3139 0616b9983dcddcefced2b79e84fc3be2 installed
almalinux-release-9.7-1.el9.x86_64 1762856138 28504 9fc0f4e091ee88c5ceffef31e00a72a6 installed
almalinux-repos-9.7-1.el9.x86_64 1762856138 10864 0da2c89e4d50c3a7f71c348b3a044e58 installed
setup-2.13.7-10.el9.noarch 1712168971 725932 d06854c9d05f32cd5221d209aecbbebc installed
filesystem-3.16-5.el9.x86_64 1727902829 106 83146689de3574b559045cdfa73e0322 installed
basesystem-11-13.el9.noarch 1643412490 0 5fb7306840ce1307c9450ace93a9a78a installed
ncurses-libs-6.2-12.20210508.el9.x86_64 1758446456 994415 10324a6e0b9dd21ff388ddd8f0dda8b2 installed
bash-5.1.8-9.el9.x86_64 1714487592 7738730 abbcee9ad5f5b605c895928edf38a068 installed
glibc-gconv-extra-2.34-231.el9_7.10.x86_64 1771325893 8122892 bba75304f1ccf7acc1464d1a1d4adb00 installed
libgcc-11.5.0-11.el9.alma.1.x86_64 1757946440 207036 de5eaa825c714051335aa91362d6e335 installed
glibc-minimal-langpack-2.34-231.el9_7.10.x86_64 1771325893 0 3298c8f4d1b4753abd7cde9e5f12dc6b installed
glibc-common-2.34-231.el9_7.10.x86_64 1771325893 1081382 1916445c7d095548974c58f708f36ba7 installed
glibc-2.34-231.el9_7.10.x86_64 1771325893 6461291 72f2ef46746411c8cfb0c937231dc08a installed
zlib-1.2.11-40.el9.x86_64 1695720125 202921 06ae87f547967cdb2d0cbe1a8f7a0a3b installed
xz-libs-5.2.5-8.el9_0.x86_64 1654677033 181589 26d1d44716e54a105e7083fedc4c3a18 installed
bzip2-libs-1.0.8-10.el9_5.x86_64 1738640559 78228 ea37d3845e84668b83dab7faeca6ff53 installed
libzstd-1.5.5-1.el9.x86_64 1741812953 773894 1455767d35300864d7120949dd275489 installed
elfutils-libelf-0.193-1.el9.alma.1.x86_64 1758469624 1220296 0a189321d1d52bc40e66f5b30037e075 installed
libstdc++-11.5.0-11.el9.alma.1.x86_64 1757946440 2585609 8b22b25f3eb611bc9379f0b71143852f installed
libxcrypt-4.4.18-3.el9.x86_64 1644465890 270724 03354b2659877cafec7273b5cd8f879c installed
libuuid-2.37.4-21.el9_7.x86_64 1770239437 38005 0f2d05f9b0097339f304bfefcb04345f installed
gmp-1:6.2.0-13.el9.x86_64 1696934960 816844 608294d7e89348908bf207387ecbfeca installed
libattr-2.5.1-3.el9.x86_64 1643373859 29445 7ce1bc0a98f4c0afd2d5d8576ca27133 installed
libacl-2.3.1-4.el9.x86_64 1712068496 40554 44d63db3c6ce866430e7149f4395278b installed
libcap-2.48-10.el9_7.1.x86_64 1777585578 177479 909556d747d6a21a96e356bd0fc9f0b8 installed
popt-1.18-8.el9.x86_64 1648240343 130376 d023c9ebf80dbada8fddb5a69471a0d9 installed
libcom_err-1.46.5-8.el9.x86_64 1758466961 68401 8efaf6f7874c7e52387bdd53384339f0 installed
lz4-libs-1.9.3-5.el9.x86_64 1644481114 145515 8557c4f0d9c63e5ebf77dcfe4dd2e9fb installed
readline-8.1-4.el9.x86_64 1644541287 492924 f4f3a3fa47cf00c5f36937b73da28db1 installed
crypto-policies-20250905-1.git377cc42.el9_7.noarch 1760955606 101000 2fa5dbc353fa3e0725f4216a594ec518 installed
mpfr-4.1.0-7.el9.x86_64 1644492386 802595 667977b12c5e8614ecfbf50760fe8cea installed
dwz-0.16-1.el9.x86_64 1758465929 293348 eca723cbd6c9b74c1752b0f60c33c93c installed
unzip-6.0-59.el9.x86_64 1758452692 398483 00a3a9dbe95d658c4715229ff1d20cef installed
file-libs-5.39-16.el9.x86_64 1712147865 8086748 5d554261ecb32cd6dd1b368ba933c92e installed
file-5.39-16.el9.x86_64 1712147865 102664 4b083cdde473c635ee17e7541222f116 installed
sqlite-libs-3.34.1-9.el9_7.x86_64 1762899228 1372976 d4fabedeab79ee216d637001bced6a03 installed
alternatives-1.24-2.el9.x86_64 1741776228 63489 8d63bb71331fe18d4bdf778e74b9a20e installed
libcap-ng-0.8.2-7.el9.x86_64 1651425264 75196 b3b6c517f674b1a19c87a1561fd7e3c5 installed
audit-libs-3.1.5-7.el9.x86_64 1758455246 338497 275c90a9c6016c3c47b8230da95ac408 installed
libffi-3.4.2-8.el9.x86_64 1695671656 65761 34887349d1d9f7578ffabc8273fa4558 installed
libsepol-3.6-3.el9.x86_64 1758446100 829195 e1b3f342c691068244d374f65e5d81bb installed
libsigsegv-2.13-4.el9.x86_64 1644457015 50354 7012e4a7edf3bd5d99b21eec9fb21cff installed
gawk-5.1.0-6.el9.x86_64 1648679084 1685614 fcd814904c14563f0fb1b26cd5abf615 installed
libsmartcols-2.37.4-21.el9_7.x86_64 1770239437 134787 31c99cad78564128ad79043e44601f6f installed
libtasn1-4.16.0-9.el9.x86_64 1741836662 183484 c0749dbea6abdb35cf3b4e996dce78ec installed
p11-kit-0.25.3-3.el9_5.x86_64 1734433414 2530659 f669c8a60fcc528927d11740ac83d798 installed
libunistring-0.9.10-15.el9.x86_64 1644462861 1643051 89974ee18eca0832a008f146ab722d15 installed
libidn2-2.3.0-7.el9.x86_64 1644440268 253476 1f6a3623b3f769250040f82e0df9b999 installed
lua-libs-5.4.4-4.el9.x86_64 1695752897 287355 2430d6b63b04055dcf0ed3068e801da9 installed
libpsl-0.21.1-5.el9.x86_64 1644463051 78616 05be8f6d2c29044a80d9cf9d816afd6d installed
p11-kit-trust-0.25.3-3.el9_5.x86_64 1734433414 478116 110ab0919d992b7cd0fbb1842ec0ed40 installed
zip-3.0-35.el9.x86_64 1680876147 741151 787c9da9cd41b68a952be641f5827845 installed
zstd-1.5.5-1.el9.x86_64 1741812953 1672821 e3dd3573e4e3d48fc9c58e38de7e06db installed
groff-base-1.22.4-10.el9.x86_64 1643712259 4040414 024f1564cc6f985c2b8fc4d025c4a995 installed
bzip2-1.0.8-10.el9_5.x86_64 1738640559 95088 691fa0a583158ab40287d13d676198d9 installed
libxml2-2.9.13-14.el9_7.x86_64 1764560439 1959268 ae032de2e3f74d40b01e52c5b2936692 installed
info-6.7-15.el9.x86_64 1651410735 508035 5406a0ac5f045ccb1e44a77efdeeb908 installed
ed-1.14.2-12.el9.x86_64 1643518920 129931 716717234d7de11268a70f0874a4defd installed
cpio-2.13-16.el9.x86_64 1643489457 1088179 20d7eb1219e79364f2b8f81bc0fe0a0c installed
diffutils-3.7-12.el9.x86_64 1643480107 1467897 0a64e40e363d5df18c64c2dead50f7d6 installed
gdbm-libs-1:1.23-1.el9.x86_64 1727905839 128586 0bb4c1349578acccd76882767dbc508d installed
json-c-0.14-11.el9.x86_64 1644568776 79042 e3bcf96305017ede260a388d95652a40 installed
keyutils-libs-1.6.3-1.el9.x86_64 1680722150 55267 7f796f310a80bc09e6a82f3c714391ae installed
libbrotli-1.0.9-9.el9_7.x86_64 1770289647 782170 4107456cfc4de0346ce9395a905887ba installed
libdb-5.3.28-57.el9_6.x86_64 1750774368 1897918 7bfc7fbf88113dac72b782fe2bd983a7 installed
libeconf-0.4.1-4.el9.x86_64 1727800838 45803 d025631029157ca95878a634a2a20242 installed
libgomp-11.5.0-11.el9.alma.1.x86_64 1757946440 421717 aa8b2558e4db73dddab8046482737d72 installed
libgpg-error-1.42-5.el9.x86_64 1644449054 837064 e6b8dd1cf21caa5d740e91046442bf26 installed
libgcrypt-1.10.0-11.el9.x86_64 1727800986 1398402 7929dfb4e7f7c4b8e8d25280ab95b20e installed
libnghttp2-1.43.0-6.el9_7.1.x86_64 1776053633 169764 7ea0e513f8c012950468da5170f5b5ea installed
libpkgconf-1.7.3-10.el9.x86_64 1680812823 75425 194e51b0918b18e12e00ab15c19ee38a installed
pkgconf-1.7.3-10.el9.x86_64 1680812823 77890 ab427b19d35afc539d12a6b9adf6d99d installed
pkgconf-pkg-config-1.7.3-10.el9.x86_64 1680812823 1203 203c2469cb0682808357931179d5324e installed
libtool-ltdl-2.4.6-46.el9.x86_64 1727804946 71568 b2b0c536c6641f5f9385b906d25a5cbb installed
libverto-0.3.2-3.el9.x86_64 1644467610 30381 7f11c70e36432c127987bfbe02b7bef0 installed
ncurses-6.2-12.20210508.el9.x86_64 1758446456 624684 a7561b5b6e649c659c388fedf95afa84 installed
pcre-8.44-4.el9.x86_64 1727906000 537720 c545835f3e9dab2d0a1d5f8a1bef1897 installed
grep-3.6-5.el9.x86_64 1643660491 857864 a446fe7db66d7e8f0fcd097c20abd47c installed
xz-5.2.5-8.el9_0.x86_64 1654677033 685939 faecaee7f9cd46fec9def1b27acc08d2 installed
pcre2-10.40-6.el9.x86_64 1727906236 652282 38ce3ac9306548549c7da2643170fd51 installed
libselinux-3.6-3.el9.x86_64 1741822567 176845 c9caf74a5adc7055412dd44de15f5594 installed
sed-4.8-9.el9.x86_64 1644921382 813615 11204e2cc270a9dbcefd2b57361e1756 installed
findutils-1:4.8.0-7.el9.x86_64 1727903031 1757006 eb24fa02da2776029062c039b1a9fd87 installed
openssl-fips-provider-1:3.5.1-7.el9_7.x86_64 1769616215 2591522 bbe71bdfbf5ec2026896d07df286b693 installed
openssl-libs-1:3.5.1-7.el9_7.x86_64 1769616215 7470323 1241864a2900c0325194ce7408a74e5f installed
coreutils-8.32-39.el9.x86_64 1741783836 5986602 3ac06a4f75fb3aa1042f99637bfb2a4b installed
ca-certificates-2025.2.80_v9.0.305-91.el9.noarch 1763547065 2791711 7835aefb5f908c26ebbb25b9e609c5ab installed
libblkid-2.37.4-21.el9_7.x86_64 1770239437 229721 55362debbb383770b4797bb27fb801ac installed
krb5-libs-1.21.1-9.el9_7.x86_64 1776790395 2503194 fb8df8f3a04269539a9888afd91cc16d installed
libmount-2.37.4-21.el9_7.x86_64 1770239437 318333 02d0c16f51c63e3fb4846d43dbddb5ec installed
gzip-1.12-1.el9.x86_64 1665854720 377005 b5c23607ca0175f8586bb9f04bc0c094 installed
cracklib-2.9.6-27.el9.x86_64 1643491090 251890 ea2a45be2b7fcc294568cdfcf303a2f7 installed
systemd-libs-252-55.el9_7.9.alma.1.x86_64 1777995852 1814808 5c856a7b4bd863c055d74b398da74d16 installed
libarchive-3.5.3-9.el9_7.x86_64 1776375870 906150 ad802c017c07d45c568eab3122245de6 installed
util-linux-core-2.37.4-21.el9_7.x86_64 1770239437 1262807 81fe4d18daa85caa08c8fccde22ffe46 installed
cracklib-dicts-2.9.6-27.el9.x86_64 1643491090 9815154 70cb82f78826244294e7adc4592f8d6a installed
cyrus-sasl-lib-2.1.27-22.el9.x86_64 1758800767 2380456 88e08518f6a93d32158a4c3e8ad4caaa installed
libssh-0.10.4-17.el9_7.x86_64 1766034334 535755 e4963daf262739d38dde82782668c25a installed
libfdisk-2.37.4-21.el9_7.x86_64 1770239437 367771 cfb8b3a97d9ccf93586497ed9891820c installed
perl-Digest-1.19-4.el9.noarch 1644595375 36844 7698964c801c15b9e09af239d06d325a installed
perl-Digest-MD5-2.58-4.el9.x86_64 1644596344 61538 3d1d54ac6c6d2e660c60e1febe6ba812 installed
perl-B-0:1.80-481.1.el9_6.x86_64 1753674689 504453 3b8759bd11f2c7e725026be531a4efa0 installed
perl-FileHandle-0:2.03-481.1.el9_6.noarch 1753674690 10531 1667426fe69a47b5f1dc48929a0b651e installed
perl-Data-Dumper-2.174-462.el9.x86_64 1645021433 111885 af724cea7fa63c7ca7f3f01ec012a55e installed
perl-libnet-3.13-4.el9.noarch 1645018479 299357 dfe2b5d3f071eea602ade0b7715724fd installed
perl-AutoLoader-0:5.74-481.1.el9_6.noarch 1753674690 22038 a84b305413f4f741404de6b444fe2b1a installed
perl-base-0:2.27-481.1.el9_6.noarch 1753674690 13820 d86b2bfbb701e8283aa294e4b88d2d17 installed
perl-URI-5.09-3.el9.noarch 1648214228 216915 7d631b61f4e7d1a59b7702853d439458 installed
perl-if-0:0.60.800-481.1.el9_6.noarch 1753674690 6875 4ca24ef277e11ce296da80c68b5fad6c installed
perl-IO-Socket-IP-0.41-5.el9.noarch 1645012339 100240 bc34f266c7ab758d6f9f7051375473af installed
perl-Time-Local-2:1.300-7.el9.noarch 1650006587 67344 1a5c30f3e50f6d6dabf2364d4e1ceab7 installed
perl-File-Path-2.18-4.el9.noarch 1645015494 65333 5f5233277e7d003386aabf73ba2e3b00 installed
perl-IO-Socket-SSL-2.073-2.el9.noarch 1727930920 616300 70afb993476490ea51cc260cf59c7127 installed
perl-Net-SSLeay-1.94-3.el9.x86_64 1758536431 1520289 1dbfd0495c3ec1ee0b329f074b3d77c5 installed
perl-Pod-Escapes-1:1.07-460.el9.noarch 1644606541 25764 55b868e63af1b6b497c1275208cd17a7 installed
perl-Text-Tabs+Wrap-2013.0523-460.el9.noarch 1645014862 24828 a93eda6aa00df774344de75de3e7d620 installed
perl-Mozilla-CA-20200520-6.el9.noarch 1645008884 5866 a59b14886d99e10c61e0ebfe717e6a16 installed
perl-Class-Struct-0:0.66-481.1.el9_6.noarch 1753674690 26954 f07cd43c2853247170e85d36ef00b5c7 installed
perl-POSIX-0:1.94-481.1.el9_6.x86_64 1753674689 240028 950e539e845f6433f9debd41b575ec81 installed
perl-Term-ANSIColor-5.01-461.el9.noarch 1644999613 100303 a51bca447e32088bddfcd4cf9de3355d installed
perl-IPC-Open3-0:1.21-481.1.el9_6.noarch 1753674690 25047 673c53d9c0a52df6b62bc9a34de6df7e installed
perl-subs-0:1.03-481.1.el9_6.noarch 1753674690 3061 ea9d34f930188bc025f68b5cabbb7b0f installed
perl-File-Temp-1:0.231.100-4.el9.noarch 1645005893 166550 231231e97dda4215e8fc63879bc29373 installed
perl-Term-Cap-1.17-460.el9.noarch 1644999857 29851 680f95980423f8af9d8deea43aeb38dd installed
perl-Pod-Simple-1:3.42-4.el9.noarch 1644595067 577293 59a0c9c7881c8c7595d69513738cf3a6 installed
perl-HTTP-Tiny-0.076-462.el9.noarch 1712162164 150675 89021a91b43720abc24e9bbcd3c34a78 installed
perl-Socket-4:2.031-4.el9.x86_64 1644596363 124985 70c1beb0d1a3fd1b63c4402c70498566 installed
perl-SelectSaver-0:1.02-481.1.el9_6.noarch 1753674690 3171 37457b8a1b1d2d8aa818cdcd61d33090 installed
perl-Symbol-0:1.08-481.1.el9_6.noarch 1753674690 7848 f7304ede78a62ba19584fe157932046a installed
perl-File-stat-0:1.09-481.1.el9_6.noarch 1753674690 13950 ce9e4870655bc834de4dfd2f813f68e1 installed
perl-podlators-1:4.14-460.el9.noarch 1648210257 288742 7635e181970fee0ec972edeb3640eb38 installed
perl-Pod-Perldoc-3.28.01-461.el9.noarch 1644882690 170960 3592c6f8ec5d262935747c142a2a0f4e installed
perl-Fcntl-0:1.13-481.1.el9_6.x86_64 1753674689 30125 ac399417085aa48d6fd0eb8ae8145d98 installed
perl-Text-ParseWords-3.30-460.el9.noarch 1645008582 13101 95074ebfc08d2e7945b6a351107c6de0 installed
perl-mro-0:1.23-481.1.el9_6.x86_64 1753674689 43476 9b16e1b06aebb59e330e68682933d402 installed
perl-IO-0:1.43-481.1.el9_6.x86_64 1753674689 163146 d1206c62b98ec43aaa05bc5d28387f88 installed
perl-overloading-0:0.02-481.1.el9_6.noarch 1753674690 5894 908d8df045b85e62710a511ee8828339 installed
perl-Pod-Usage-4:2.01-4.el9.noarch 1644595290 87186 1c81d46cf49953bf17671509bb9f143b installed
perl-Errno-0:1.30-481.1.el9_6.x86_64 1753674689 9534 1478545e5412f5ea74f96dfca93773b2 installed
perl-File-Basename-0:2.85-481.1.el9_6.noarch 1753674690 15340 d24f359fbc4e643618faf4b982870d03 installed
perl-Getopt-Std-0:1.12-481.1.el9_6.noarch 1753674690 12107 c68114f15f226776a7dfd69dcb1ed2b3 installed
perl-MIME-Base64-3.16-4.el9.x86_64 1645024373 48161 74c7445541edb6b812cb547cb1ed7001 installed
perl-Scalar-List-Utils-4:1.56-462.el9.x86_64 1727907500 143128 8c3fe3dd77a8774d31c4d063dfdd626f installed
perl-constant-1.33-461.el9.noarch 1645017554 27104 77ae4fa31b0e05c47722d3f42c3031f4 installed
perl-Storable-1:3.21-460.el9.x86_64 1644882355 228564 f1fe7637efd26378c700703de66084a9 installed
perl-overload-0:1.31-481.1.el9_6.noarch 1753674690 72822 615b48cbd341a1ae3deb9448d1b0af50 installed
perl-parent-1:0.238-460.el9.noarch 1648236106 9535 313ca11d9438fd3b8857ebea09d52cbe installed
perl-vars-0:1.05-481.1.el9_6.noarch 1753674690 4927 d014d0e5fa05c4e04973e86b9b9cd183 installed
perl-Getopt-Long-1:2.52-4.el9.noarch 1645006486 139937 91b70507061382352f5f8cea185952c4 installed
perl-Carp-1.50-460.el9.noarch 1644593358 47889 6ceb2511def761f84a2955e7f4213e02 installed
perl-Exporter-5.74-461.el9.noarch 1645012476 55359 e319d1821d7cff3db59f99d55552222b installed
perl-PathTools-3.78-461.el9.x86_64 1644596169 182550 980e6b8777939c540b2651d2b3395e3a installed
perl-Encode-4:3.08-462.el9.x86_64 1644597714 10240138 a7c4df5408a860802892b95def60a33d installed
perl-libs-4:5.32.1-481.1.el9_6.x86_64 1753674689 8953979 6bca13bd9646e1ec98ef9790891c175c installed
perl-interpreter-4:5.32.1-481.1.el9_6.x86_64 1753674689 120086 26bec95b7711bfab9b0400a86fc94136 installed
kernel-srpm-macros-1.0-14.el9.noarch 1758093656 16948 374608d42ff1baa7de696b0ac578c42c installed
openssl-1:3.5.1-7.el9_7.x86_64 1769616215 2263609 77694c9ff5fbf42f36356076041800f4 installed
libpwquality-1.4.4-8.el9.x86_64 1644464254 416424 8887f61609c602b650ca3a7f5077bd71 installed
pam-1.5.1-26.el9_6.x86_64 1756871129 1907540 72dd99c8b72fa6c7134e29a9d8c7e34c installed
libevent-2.1.12-8.el9_4.x86_64 1725362762 928090 1d07d5bf7396f9ff79545bb48bd60870 installed
libsemanage-3.6-5.el9_6.x86_64 1742298593 307182 a8cec69c4d60eb615422798b620da314 installed
shadow-utils-2:4.9-15.el9.x86_64 1758455783 3812546 6015c955f9a3af145f02eadac3ec321a installed
libutempter-1.2.1-6.el9.x86_64 1644465610 59441 60d7a46e01fd1a708369f595c8fa9da6 installed
openldap-2.6.8-4.el9.x86_64 1741868893 1087281 15fc0b70aae1ee3a492cca80324ab36d installed
libcurl-7.76.1-35.el9_7.3.x86_64 1769588759 667534 81b7b4560124f8c2ad0f3617975e0425 installed
curl-7.76.1-35.el9_7.3.x86_64 1769588759 684513 61d95621dfdf8f65c6b75a8eba263538 installed
rpm-libs-4.16.1.3-39.el9.x86_64 1759305441 773076 19ad023b8758aa01c47d8cea260dd6ca installed
rpm-4.16.1.3-39.el9.x86_64 1759305441 2750478 aa231b9acc8cbdd85744257c63d16c32 installed
efi-srpm-macros-6-4.el9.noarch 1758092934 41047 e28cfe7ad492c6298475c11c1b393b85 installed
lua-srpm-macros-1-6.el9.noarch 1644618813 1314 b1f6d12844b8255fa10d5275b52c0b21 installed
rpmautospec-rpm-macros-0.8.4-1.el9.noarch 1773837670 707 33f25a4529672dfe91838dfa1921cb55 installed
tar-2:1.34-9.el9_7.x86_64 1767642011 3159723 a056ae4e9990dd8fd6313ead54fd03d3 installed
patch-2.7.6-16.el9.x86_64 1648222924 265546 096d27d7687081b72514957dc7e6131a installed
elfutils-default-yama-scope-0.193-1.el9.alma.1.noarch 1758468423 1810 b67d15ad890e3fd7f5fa5c446a85a2c5 installed
elfutils-libs-0.193-1.el9.alma.1.x86_64 1758469624 751677 6dc249ebd86b6d64f40e5f3b47dd7dbe installed
elfutils-debuginfod-client-0.193-1.el9.alma.1.x86_64 1758469624 81138 6541b0b846bc08f19f40777ba3fac6eb installed
binutils-gold-2.35.2-67.el9_7.1.x86_64 1766067288 2128619 280cdacac0b4d8e5f64adee361c75073 installed
binutils-2.35.2-67.el9_7.1.x86_64 1766067288 25215163 f147660d3a5d402f457538a017c47955 installed
elfutils-0.193-1.el9.alma.1.x86_64 1758469624 3421726 f6ae3fd22aae1cef027091c15fa47a06 installed
gdb-minimal-16.3-2.el9.x86_64 1758455230 15226265 1a4686de3548dd3eedeb7400344335a2 installed
debugedit-5.0-11.el9.x86_64 1758461450 194614 da5cbbe21c43815cf80cf564c2d579b0 installed
rpm-build-libs-4.16.1.3-39.el9.x86_64 1759305441 198430 71720986a68a7c00ba664f49dac599b3 installed
fonts-srpm-macros-1:2.0.5-7.el9.1.noarch 1644638356 56503 6849d7b20d8c28dacc459b454a78994d installed
go-srpm-macros-3.6.0-14.el9_7.noarch 1776657509 62484 0db4b7cfac583081abb36ee306d81e6a installed
python-srpm-macros-3.9-54.el9.noarch 1727786776 37605 ea12cc3242ebccb1c0ca386e7269d116 installed
redhat-rpm-config-210-1.el9.alma.1.noarch 1758093877 189493 3b02d4e499655e6b55e96ded58064dd6 installed
rpm-build-4.16.1.3-39.el9.x86_64 1759305441 150073 82259579a6441c567c4d9f03c0be9653 installed
pyproject-srpm-macros-1.16.2-1.el9.noarch 1741862780 1952 db50657b429acab41c2500d2993eca6b installed
forge-srpm-macros-0.4.0-1.el9.noarch 1734482734 39887 ea3941239b8d23843851199df44e82b4 installed
go-srpm-macros-epel-3.8.0-1.el9.noarch 1756956667 63280 960a642223f6b696465e497c65b27f3c installed
R-srpm-macros-1.3.7-2.el9.noarch 1777835640 3626 125e3c16c5e102a0c2bda2fda7dc138e installed
epel-rpm-macros-9-18.el9.noarch 1774638891 18704 4cd6c0e4cb706d1ef88783a600ba20a1 installed
util-linux-2.37.4-21.el9_7.x86_64 1770239437 11147118 926b3bd8d53543680a6f5a085f9b8b69 installed
which-2.21-30.el9_6.x86_64 1754374769 81900 55186272c3a81b2172db432caf92a23f installed
perl-File-Find-0:1.37-481.1.el9_6.noarch 1753674690 39639 216372e48ae12aa96309910403b40d5e installed
perl-File-Copy-0:2.34-481.1.el9_6.noarch 1753674690 21088 b3415f3f0c1ece4a22eecf37c8d06f8a installed
zlib-devel-1.2.11-40.el9.x86_64 1695720125 141092 522c41bb1eb072014b422ccf66125aee installed
perl-File-Compare-0:1.100.600-481.1.el9_6.noarch 1753674690 6697 75f5b059f6cc93529d6eb5a60a68ff07 installed
perl-DynaLoader-0:1.47-481.1.el9_6.x86_64 1753674689 33066 6259361a3be10b5f0a446bbc6f0758f8 installed
expat-2.5.0-5.el9_7.1.x86_64 1764173634 313395 533983ff1f6abbfa34d07b5342d90181 installed
perl-ExtUtils-Manifest-1:1.73-4.el9.noarch 1645015079 86784 5ae7a020523e7579f3d0d7990012c68e installed
perl-threads-1:2.25-460.el9.x86_64 1648208793 114578 57fe42a59ce1e98e97f9d3fb5c1e9a51 installed
perl-threads-shared-1.61-460.el9.x86_64 1648209914 82285 326037341fc0082cb72679abeb467d55 installed
perl-Time-HiRes-4:1.9764-462.el9.x86_64 1645008761 122722 69ca3ec4eb41cad6bbdad3114ae382e7 installed
perl-lib-0:0.65-481.1.el9_6.x86_64 1753674689 9673 1dec3a3c196c81e2b5f0aafc194fb662 installed
perl-ExtUtils-ParseXS-1:3.40-460.el9.noarch 1645001808 404352 4352c6e0268309d7d71dd2a9db03f2ae installed
perl-Compress-Raw-Zlib-2.101-5.el9.x86_64 1648205572 152727 662ca377ee97ce40c7a13e82e8c9b054 installed
apr-1.7.0-12.el9_3.x86_64 1702290000 295156 039ff9c25573d2a0c2a3301f8482d0e4 installed
apr-util-bdb-1.6.1-23.el9.x86_64 1695795409 15311 a3156985cf8632837c0a1eace5413526 installed
apr-util-1.6.1-23.el9.x86_64 1695795409 216487 b65c56a1528694873d1430d66d59cfcf installed
libpng-2:1.6.37-12.el9_7.4.x86_64 1779096870 230975 7f1957a4ba1499440d14cea9abdb0752 installed
libtommath-1.2.0-10.el9.x86_64 1693689245 129021 efa4d1fd41456b1c2e055a5bf5d0425d installed
libfbclient2-4.0.7.3271-1.el9.x86_64 1776443671 3405414 9b24d23bbcffbdb90089e0f47dfc9b9c installed
unixODBC-2.3.9-4.el9.x86_64 1644562414 1464182 2733b6b05a9314bfaae77a5fb70d59b6 installed
perl-meta-notation-0:5.32.1-481.1.el9_6.noarch 1753674690 2117 6c660f3e194752d283cb63e0a36b8159 installed
perl-locale-0:1.09-481.1.el9_6.noarch 1753674690 7339 c3cfd261bccbbf2b858d4ce7763b2234 installed
perl-version-7:0.99.28-4.el9.x86_64 1648210399 132394 e58c70d6f234bdbb2990843d5ed63194 installed
perl-CPAN-Meta-Requirements-2.140-461.el9.noarch 1644604558 70661 10605175863f307ce4eb183b08022a85 installed
perl-Module-CoreList-1:5.20240609-1.el9.noarch 1741822991 1181560 98364dd9cbcdceb466fbdd3e8b5371af installed
perl-Module-Metadata-1.000037-460.el9.noarch 1645002856 69188 af922133a3b24cb2de68e27784822e37 installed
perl-Unicode-Normalize-1.27-461.el9.x86_64 1645010441 660622 55606f63c34badf65c401a3b826d1739 installed
perl-Tie-0:4.6-481.1.el9_6.noarch 1753674690 37004 53e7ae3f9a2d29ea85b2dcf12ce1a6c1 installed
perl-Term-ReadLine-0:1.17-481.1.el9_6.noarch 1753674690 18640 3cd77cf572f1ed245e08f426aea9a9a4 installed
perl-Perl-OSType-1.010-461.el9.noarch 1644605257 33835 0f291b495b99eeaa18cb20d8f1f16c70 installed
perl-Module-Load-1:0.36-4.el9.noarch 1645296595 15489 a926b2a61afb018b9ea944382832e6da installed
perl-Digest-SHA-1:6.02-461.el9.x86_64 1644596688 119696 1251e104d0bc6851f8fb3be41a7c9ea9 installed
perl-Devel-Peek-0:1.28-481.1.el9_6.x86_64 1753674689 45603 288830645e78b60b9a91472b83affa79 installed
libzstd-devel-1.5.5-1.el9.x86_64 1741812953 202817 8889c0179a4dd68c42cefdfc383575cb installed
libwebp-1.2.0-8.el9_3.x86_64 1699377808 787632 ab3710f69a7791936f997a5d9984e0c4 installed
libmpc-1.2.1-4.el9.x86_64 1644450029 138613 44b2c50f6fbf23200f9734200bb00a8e installed
libjpeg-turbo-2.0.90-7.el9.x86_64 1711998378 647737 3104b15926ec416c6dea9be5bdee20f3 installed
cmake-filesystem-3.26.5-3.el9_7.x86_64 1769592935 0 9ce6225f15d51412bd902052c693fdde installed
nettle-3.10.1-1.el9.x86_64 1741845579 1169768 b7f8d6efcdf2bba548c76687bf30eb60 installed
gnutls-3.8.3-10.el9_7.x86_64 1773186200 3456941 76c39e06fc72b58d22a9c2cf38bd7925 installed
glib2-2.68.4-18.el9_7.2.x86_64 1778513550 13443415 16018d937a31d0bead1f416fb0692d95 installed
libedit-3.1-38.20210216cvs.el9.x86_64 1695670210 251847 891a9323e47966f6501c2cb603ad29be installed
elfutils-libelf-devel-0.193-1.el9.alma.1.x86_64 1758469624 51150 37e31a46a52e621a1751eabd5e43bcef installed
perl-Dumpvalue-0:2.27-481.1.el9_6.noarch 1753674690 21185 f8f9846114eafcb57dcf4e7e32fae123 installed
perl-Pod-Html-0:1.25-481.1.el9_6.noarch 1753674690 38420 029b9093ae10140b750975a90625231f installed
libpng-devel-2:1.6.37-12.el9_7.4.x86_64 1779096870 904477 e639ad7b14515e7a0130f77ff053c4f9 installed
apr-devel-1.7.0-12.el9_3.x86_64 1702290000 1056328 87e976a8f3b58cafb8c8def1e0031085 installed
perl-Net-Ping-2.74-5.el9.noarch 1644618753 137392 5d93886ff3ff84e28d47d8513ea2e2e2 installed
perl-Thread-Queue-3.14-460.el9.noarch 1645023802 29828 ec1197713bc8586f4b8dcbaeb84eaf67 installed
perl-ExtUtils-Command-2:7.60-3.el9.noarch 1645696583 10109 76170738b02a8ce1259974478db3eb21 installed
libspf2-1.2.11-11.20210922git4915c308.el9.x86_64 1696287141 164891 3f5c736abcbb8b915e2209e8b6971bec installed
libimagequant-2.17.0-1.el9.x86_64 1639598680 134983 2ee4c9c7f4dbee452dc08da79fdda5ad installed
xz-devel-5.2.5-8.el9_0.x86_64 1654677033 206635 b72d68b1b5be9740277295520fe2cfab installed
libxml2-devel-2.9.13-14.el9_7.x86_64 1764560439 9265287 4dc92315ef90474778073266399e6653 installed
xorg-x11-proto-devel-2024.1-1.el9.noarch 1727921143 1834640 49ed81d2f90fde858889a400ac977a2c installed
perl-doc-0:5.32.1-481.1.el9_6.noarch 1753674690 10387667 b3ffb620ae9dc32799d0fd3a19837230 installed
perl-autouse-0:1.11-481.1.el9_6.noarch 1753674690 7000 32010ffab2f789ba3eb947a141cbd8d2 installed
perl-User-pwent-0:1.03-481.1.el9_6.noarch 1753674690 19578 0e25a00c81207455f8ea9712fc715f4d installed
perl-Tie-RefHash-1.40-4.el9.noarch 1644619039 35341 f0d76a53f121dd07da66512e39e3136a installed
perl-Text-Balanced-2.04-4.el9.noarch 1645013492 109293 1d67a0eb20af9ddd900a232edf650a86 installed
perl-Sys-Hostname-0:1.23-481.1.el9_6.x86_64 1753674689 21137 f1a7eed1015a5d2fa12d93183a5a1031 installed
perl-Sub-Install-0.928-28.el9.noarch 1644604279 35807 8c5af9a3b8ae5016c3b7ff1314628a6d installed
perl-SelfLoader-0:1.26-481.1.el9_6.noarch 1753674690 23934 6b638966abfbf9c0df57f1721f18df5e installed
perl-Params-Util-1.102-5.el9.x86_64 1644593886 60964 70d419fedf1fe55343628afcdc42875b installed
perl-Opcode-0:1.48-481.1.el9_6.x86_64 1753674689 51177 c7ea91d317a0b20e6fa4c8b6ca27076b installed
perl-Safe-0:2.41-481.1.el9_6.noarch 1753674690 32413 a2eb75c549cb3b4a6cdcd2f86880cb42 installed
perl-NDBM_File-0:1.15-481.1.el9_6.x86_64 1753674689 29969 8933504009f636d2cda31c39594eba4d installed
perl-Math-Complex-0:1.59-481.1.el9_6.noarch 1753674690 88262 728ba910a0564896c2519b8da44bc230 installed
perl-Math-BigInt-1:1.9998.18-460.el9.noarch 1650005836 725738 95f5aed872f577e49ef1655f8b7f434b installed
perl-JSON-PP-1:4.06-4.el9.noarch 1645018788 144767 76ee73100ab3eddf8df82627eebfba27 installed
perl-Math-BigRat-0.2614-460.el9.noarch 1645015269 105818 8eca852ba97ac93578471a3ae5f0da72 installed
perl-I18N-LangTags-0:0.44-481.1.el9_6.noarch 1753674690 87236 ca1ec856e78cbb28dc171defdec7f141 installed
perl-Locale-Maketext-1.29-461.el9.noarch 1645016723 174927 bbbe6f1a4688f8966a94682728e2f2f2 installed
perl-Locale-Maketext-Simple-1:0.21-481.1.el9_6.noarch 1753674690 14043 aee714487ece613302e78d68f0c2ae74 installed
perl-Params-Check-1:0.38-461.el9.noarch 1644596308 28458 5cf047ef85debefb133b39e6e2a43676 installed
perl-Module-Load-Conditional-0.74-4.el9.noarch 1645002484 29702 2ffa43b2a0251722aec8b7001ef9d47b installed
perl-Hash-Util-FieldHash-0:1.20-481.1.el9_6.x86_64 1753674689 60781 5601a1eebd19551cc709fb227c18a1ce installed
perl-Hash-Util-0:0.23-481.1.el9_6.x86_64 1753674689 56612 16cdc05a76224d3a64744abb10de48cc installed
perl-ExtUtils-MM-Utils-2:7.60-3.el9.noarch 1645696583 3226 6a51046735d53f58b5d77bfa975e3860 installed
perl-IPC-Cmd-2:1.04-461.el9.noarch 1645016398 87236 dfed1270de3973e959c6e6ad19e7a257 installed
perl-ExtUtils-Constant-0:0.25-481.1.el9_6.noarch 1753674690 91792 3c8f4b12ca1034172ca9f51aa6167b77 installed
perl-DirHandle-0:1.05-481.1.el9_6.noarch 1753674690 4416 80710a0dd7e245b1292958423521b6e1 installed
perl-Devel-PPPort-3.62-4.el9.x86_64 1644593310 860842 b434b71ce5bcf27ab74eca94fb0cb842 installed
perl-Compress-Raw-Bzip2-2.101-5.el9.x86_64 1648205059 68668 2b1afc717bddd6a852ed0b246388b8a0 installed
perl-IO-Compress-2.102-4.el9.noarch 1645014076 863077 11ec3c399e2350a1ec8ca346d36d52f2 installed
perl-IO-Zlib-1:1.11-4.el9.noarch 1644616790 25517 d3c95cfbfb248c9d1f74426d5901d242 installed
perl-CPAN-Meta-YAML-0.018-461.el9.noarch 1644604831 51721 2ea5219a83549423fc40b1ece94e6660 installed
perl-CPAN-Meta-2.150010-460.el9.noarch 1648165924 610128 6ceda07bd780657c6afd87a44bf9c7f0 installed
perl-Benchmark-0:1.23-481.1.el9_6.noarch 1753674690 38258 3fa67fe9732267104b6f1f31ee376837 installed
perl-Test-Harness-1:3.42-461.el9.noarch 1645012685 580535 b6067af25ea1abbb48efc3654711900a installed
perl-AutoSplit-0:5.74-481.1.el9_6.noarch 1753674690 24629 9c69b30671e10c5e4531e34b58bd1ab3 installed
net-snmp-libs-1:5.9.1-17.el9_7.1.x86_64 1768492598 3259355 d29e69ada3991167b909eadf0b0fbd63 installed
m4-1.4.19-1.el9.x86_64 1648711650 595478 00cd9fc449508f4a29750c89273cdb3d installed
lm_sensors-libs-3.6.0-10.el9.x86_64 1644479170 92254 39cd2fe85eceaf1a81a4d4aec9e95208 installed
libXau-1.0.9-8.el9.x86_64 1644433437 64976 03e7ad77f1c31092c15ac39487123a44 installed
libxcb-1.13.1-9.el9.x86_64 1644465369 1124646 b5c9c15368d4b19cb01932b894d95211 installed
libICE-1.0.10-8.el9.x86_64 1644429752 174842 61519989c76556d0e09fba3d80e997cc installed
glibc-headers-2.34-231.el9_7.10.x86_64 1771325893 2181490 4460f0a6acf5dd921cd1c6ad1d7d0a93 installed
fribidi-1.0.10-6.el9.2.x86_64 1665768655 347380 f1a0507b90f312a85278ba60f9dba81a installed
emacs-filesystem-1:27.2-18.el9.noarch 1758468964 0 a4f46cfad87fa2a72be6ad27494368f4 installed
autoconf-2.69-41.el9.noarch 1758457389 2324178 fdb0224f10bcafa2f887cf4f3822deed installed
automake-1.16.2-8.el9.noarch 1695816980 1798907 0db5d01bee7b33ca582fccd5fd40c24f installed
make-1:4.3-8.el9.x86_64 1712062509 1719678 dc40abc3cfe247dee48edd9c5db26369 installed
graphite2-1.3.14-9.el9.x86_64 1643634613 201599 0774810f1e2e57d1271c1047595d6ef0 installed
harfbuzz-2.7.4-10.el9.x86_64 1712077271 1705461 fac5b05a7a20fe0a3ce53ac81bd7bc9e installed
freetype-2.10.4-10.el9_5.x86_64 1743435620 840500 b10332fe84100ffff8727901139429e8 installed
libraqm-0.8.0-1.el9.x86_64 1643294195 29538 781b2ebaa508ac31105f184e81d5d437 installed
fonts-filesystem-1:2.0.5-7.el9.1.noarch 1644638356 0 d9588fb5c537631aa12647b6d9af5064 installed
dejavu-sans-fonts-2.37-18.el9.noarch 1643502240 5930859 5313483c1b81434d249eff3a949df631 installed
langpacks-core-font-en-3.0-16.el9.noarch 1644438506 351 b45170d4bae0bb1996b8b8c683c9765e installed
graphite2-devel-1.3.14-9.el9.x86_64 1643634613 49577 0f46bd9846a37e3237b83ec5f7fe0c1c installed
libidn-1.38-4.el9.x86_64 1644852725 621207 024063f86f3c8d63405c2e004b348df1 installed
fribidi-devel-1.0.10-6.el9.2.x86_64 1665768655 79834 94f0aca4ee132c386503a4d1e1916743 installed
libattr-devel-2.5.1-3.el9.x86_64 1643373859 22276 3983ce6cb8fb92ad043317734211caa1 installed
libSM-1.2.3-10.el9.x86_64 1644430389 95285 9fe28a12ad84195b88877cc09faaf8fd installed
libXau-devel-1.0.9-8.el9.x86_64 1644433437 6533 6eea1b282412ef96909a294f57d98c18 installed
libxcb-devel-1.13.1-9.el9.x86_64 1644465369 2718296 da9846d35a00f237ffd8f023220148cd installed
lm_sensors-devel-3.6.0-10.el9.x86_64 1644479170 18796 3013d66380d32cdffaa0cb9994937b7a installed
perl-DBM_Filter-0:0.06-481.1.el9_6.noarch 1753674690 34921 719650e44724e8b15271a150b8755c7f installed
perl-File-Fetch-1.00-4.el9.noarch 1645011650 60401 6086a5572d9268f33a24c315a6b86ff5 installed
perl-fields-0:2.27-481.1.el9_6.noarch 1753674690 13101 ff5424da2db5c2facb325d2a6f8f5d63 installed
perl-bignum-0.51-460.el9.noarch 1648193844 91800 c86fbeb415b0b18ac5d4efa93018e34f installed
perl-Math-BigInt-FastCalc-0.500.900-460.el9.x86_64 1645010482 42271 e41b1120f723e8893ece851597cb5433 installed
perl-Memoize-0:1.03-481.1.el9_6.noarch 1753674690 83498 ffa3c871a49b887626e5238cd3a1e01d installed
perl-Data-OptList-0.110-17.el9.noarch 1645020373 49891 ac49c9135e92c26795deb7cffcddd9e7 installed
perl-Devel-SelfStubber-0:1.06-481.1.el9_6.noarch 1753674690 7874 994c7b12177a756621b211a7f40994a7 installed
elfutils-devel-0.193-1.el9.alma.1.x86_64 1758469624 200533 dc5e432c83761cc134731c92def1405a installed
libimagequant-devel-2.17.0-1.el9.x86_64 1639598680 7265 f01be4094e80e49c6c30be648a2397f9 installed
firebird-utils-4.0.7.3271-1.el9.x86_64 1776443671 17909879 d38404a3bd5471e4d8527eec97e224d6 installed
shared-mime-info-2.1-5.el9.x86_64 1680823226 5187670 475f10dda11a33946e2a113e354c55b9 installed
freetds-1.4.23-1.el9.x86_64 1728315990 872064 597dc8ce86291390819af99588b8cb88 installed
freetds-libs-1.4.23-1.el9.x86_64 1728315990 1398064 7c803bebe06a54cb6cb801841f015b53 installed
libjpeg-turbo-devel-2.0.90-7.el9.x86_64 1711998378 354119 f7ccaec81aee75529accf836306ca39f installed
cpp-11.5.0-11.el9.alma.1.x86_64 1757946440 30661206 f9f1b4c257477d9b598d01fb06d45a8e installed
libwebp-devel-1.2.0-8.el9_3.x86_64 1699377808 96549 a98bddcc8874535ce720018178fe4391 installed
perl-debugger-0:1.56-481.1.el9_6.noarch 1753674690 412709 8ae34a15efb8b3e5ab6e9bafe9b25d07 installed
perl-Env-1.04-460.el9.noarch 1645006644 26875 d794d16083b86d567d4447ef7af6013e installed
perl-Unicode-Collate-1.29-4.el9.x86_64 1648210484 5174630 9371088f090095a2e8cece8bebcf2539 installed
perl-Unicode-UCD-0:0.75-481.1.el9_6.noarch 1753674690 210569 d602351b00ff54943677accf40c3963e installed
perl-Module-CoreList-tools-1:5.20240609-1.el9.noarch 1741822991 19264 aee58832942ec27aff2fb8a2adbec3df installed
perl-experimental-0.022-6.el9.noarch 1645015447 31555 d5fab4c83ea82827476c1a08521787bc installed
perl-sigtrap-0:1.09-481.1.el9_6.noarch 1753674690 12283 636f2ede8be83b8a54531284bd18ba29 installed
libtomcrypt-1.18.2-12.el9.x86_64 1643734269 900501 2b0261a055259216fd506859e29c15bd installed
httpd-tools-2.4.62-7.el9_7.3.x86_64 1766442938 202649 3f2540c46dfb8c735c6fb30705889ff4 installed
perl-Archive-Zip-1.68-6.el9.noarch 1648161016 299088 a6c3ae59d5ac0e3112e626283c30312f installed
perl-Thread-0:3.05-481.1.el9_6.noarch 1753674690 13365 b637e52958db26a94a63e9b5054ba84c installed
perl-Thread-Semaphore-0:2.13-481.1.el9_6.noarch 1753674690 11219 7c83bcc59bd6350a6d9b93898136588c installed
expat-devel-2.5.0-5.el9_7.1.x86_64 1764173634 201155 bfeb77e4a0e01c15351454b6438c0ea2 installed
perl-Digest-SHA1-2.13-34.el9.x86_64 1644597012 107215 7f364517c3379f128f26a06e0f1dd65f installed
libicu69-69.1-4.el9.remi.x86_64 1658828735 34589769 6e98d0cdaa56326d32f1c15a52b638d4 installed
libicu69-devel-69.1-4.el9.remi.x86_64 1658828735 5697549 67a2a81487a7c36f0de1579d97f14a56 installed
libc-client-2007f-30.el9.remi.x86_64 1636035163 1581738 185d3bd5da291d35101701ec7b87e323 installed
svt-av1-libs-0.9.0-1.el9.x86_64 1668907376 6489488 dee85b4b3b6fab0381df770b01b4258b installed
recode-3.7.11-1.el9.x86_64 1644467663 2050088 ac7516d764b01f530ab48bebe8f9403d installed
rav1e-libs-0.8.1-2.el9.x86_64 1768226697 3276066 dfaa837759d36fc3b63879a80e56ac16 installed
libvmaf-2.3.0-2.el9.x86_64 1639751901 799208 554a0b530db1e9f4a8039ff3dfc5384a installed
libtidy-5.8.0-2.el9.x86_64 1640807413 1028661 52c049c767d2442adef8da191cd38e77 installed
libntlm-1.6-4.el9.x86_64 1647465501 191587 a20830dd4dd440be6c1630fbfac57740 installed
libgsasl-1.10.0-15.el9.x86_64 1774542886 551840 6b55e184b91208f9bdb0bd95450621c2 installed
libmd-1.2.0-1.el9.x86_64 1778529202 127246 1bf860f5dad31096d26614e024446d64 installed
libbsd-0.12.2-1.el9.x86_64 1711378133 433060 551d1424c011e0ae5a99ee0c9c1d9006 installed
libopendmarc-1.4.2-33.el9.x86_64 1759246646 56888 f1842a7e39ad3e3d83c9eea58a4b2b7d installed
libmcrypt-2.5.8-30.el9.x86_64 1640810826 292238 9820856722b60bff99555745163023e4 installed
libib-util-4.0.7.3271-1.el9.x86_64 1776443671 15107 0509df5caf33c21db100696e87666e55 installed
firebird-4.0.7.3271-1.el9.x86_64 1776443671 36515011 d4a06c737448f4266a5db20bd44bd423 installed
libfbclient2-devel-4.0.7.3271-1.el9.x86_64 1776443671 217 11a36f398e7cb1aa9db9756eda227d24 installed
firebird-devel-4.0.7.3271-1.el9.x86_64 1776443671 2094233 d351a92ab7413eaaee6db449fb6e3ef8 installed
libdav1d-1.5.3-1.el9.x86_64 1771940465 1715455 8669855a1ba9112f2a810ff277ff09eb installed
highway-1.3.0-1.el9.x86_64 1765188168 4877098 b53b6328b91308eb9c44850436bce71b installed
libjxl-0.7.2-2.el9.x86_64 1755035144 3203772 0ef22d77cf8883ec79d6508938d1b21b installed
libaom-3.13.1-1.el9.x86_64 1758288015 5017015 29f32a0128663b3ae9d32eba32816c43 installed
libavif-0.11.1-5.el9.x86_64 1730898869 171393 0d897a2f62f979e4eeec1ae67bf88321 installed
libavif-devel-0.11.1-5.el9.x86_64 1730898869 61177 e7333a7142ea11c6784d26e8857706c6 installed
aspell-12:0.60.8-8.el9.x86_64 1643233627 3404306 221197ad5a99bad9d7165fbfe8755ddd installed
xml-common-0.6.3-58.el9.noarch 1644550961 80280 8bbddf67d2ee0baee23c3537961924b0 installed
fontconfig-2.14.0-2.el9_1.x86_64 1674503254 837233 cc1ddfc8bc63dfb8422f439ccb89284d installed
tokyocabinet-1.4.48-19.el9.x86_64 1644586483 1557431 4a274bcb3e724a1e6c3def802999d84b installed
sysprof-capture-devel-3.40.1-3.el9.x86_64 1644649780 359504 2364104897ad6699ce3822ffadfd95c0 installed
sqlite-3.34.1-9.el9_7.x86_64 1762899228 1613823 7df58e2291125137425b1dddfc8eb125 installed
popt-devel-1.18-8.el9.x86_64 1648240343 29845 8add8715577e988adbcea62eceda85b1 installed
pixman-0.40.0-6.el9_3.x86_64 1702419849 710295 fd31f117119786ecfcdccf464931504c installed
perl-vmsish-0:1.04-481.1.el9_6.noarch 1753674690 7692 6585eda97fd71ac9b7ce0df6cd7bca53 installed
perl-utils-0:5.32.1-481.1.el9_6.noarch 1753674690 103016 7c3e9a55b52d5339a80fa3f90d8ea394 installed
perl-sort-0:2.04-481.1.el9_6.noarch 1753674690 6851 eff54009a5d0f0d6a988674988b02a87 installed
perl-ph-0:5.32.1-481.1.el9_6.x86_64 1753674689 273932 20b0f062b30c4ead6e7aeb6a07ccd078 installed
perl-perlfaq-5.20210520-1.el9.noarch 1741831769 745690 c0344c377bfea4d5a184c7278b827081 installed
perl-macros-4:5.32.1-481.1.el9_6.noarch 1753674690 5643 7325d252d2cb87da2918f03de5dafa66 installed
perl-local-lib-2.000024-13.el9.noarch 1648201127 120229 d41ebfa502c06caebbadd48332fa0fde installed
perl-less-0:0.03-481.1.el9_6.noarch 1753674690 5968 702f78d9aca75564d6ca526f11112757 installed
perl-filetest-0:1.03-481.1.el9_6.noarch 1753674690 7538 f30990e4a5c71496081e444f284c767d installed
perl-encoding-warnings-0:0.13-481.1.el9_6.noarch 1753674690 11210 48da5ef6144a6716e863b585b555de07 installed
perl-diagnostics-0:1.37-481.1.el9_6.noarch 1753674690 455636 4f03329e035c8b4f05226b5acae2bf3f installed
perl-deprecate-0:0.04-481.1.el9_6.noarch 1753674690 7661 c4ccbb800e2f56d3c8d948c213a2f93b installed
perl-blib-0:1.07-481.1.el9_6.noarch 1753674690 4236 66dcaf085abcdc743ac17038b919248c installed
perl-Time-Piece-0:1.3401-481.1.el9_6.x86_64 1753674689 70433 9ca929021c1c989d9981b2e0bb92b354 installed
perl-Time-0:1.03-481.1.el9_6.noarch 1753674690 13051 277aa760d61f9127bb665f5b0fa7d0f1 installed
perl-Tie-Memoize-0:1.1-481.1.el9_6.noarch 1753674690 7302 977ff6b17349053b740d37fd45460c9b installed
perl-Tie-File-0:1.06-481.1.el9_6.noarch 1753674690 88529 ff8f95bc3f449e0fc220bc02df2a759f installed
perl-Text-Template-1.59-5.el9.noarch 1645017664 115575 f7a2cb536c8593c8672bc67c89e105ff installed
perl-Text-Glob-0.11-15.el9.noarch 1645006153 8826 f12b97f8991920fa1339195b2b9fe55a installed
perl-Text-Abbrev-0:1.02-481.1.el9_6.noarch 1753674690 4085 77d70cc141e7939de5f8b1e8f80c8be6 installed
perl-Test-0:1.31-481.1.el9_6.noarch 1753674690 38819 a8f35e7a87a624e5c2b17c0205d5693f installed
perl-Term-Complete-0:1.403-481.1.el9_6.noarch 1753674690 6820 03ac0c88a1e9986c3c9fcb5479e5af5c installed
perl-Sys-Syslog-0.36-461.el9.x86_64 1645012128 101826 5074d430a0c7f3ae334dc8cf4a2218d6 installed
perl-Search-Dict-0:1.07-481.1.el9_6.noarch 1753674690 5721 61670944750d1e42e72b69c727fd30ad installed
perl-Pod-Functions-0:1.13-481.1.el9_6.noarch 1753674690 14366 e62da75c19e0ebb94fa77b7d8a643cd9 installed
perl-Pod-Checker-4:1.74-4.el9.noarch 1644606095 52836 7ff9549b70b22f81401d3a7d22ff1e15 installed
perl-PerlIO-via-QuotedPrint-0.09-4.el9.noarch 1644605878 31112 688d037965e7b70ba94c7dd1004a4d45 installed
perl-Package-Generator-1.106-23.el9.noarch 1644595230 31036 df97022cad24d62399907753b985e7f9 installed
perl-Sub-Exporter-0.987-27.el9.noarch 1644603093 142832 cc04204d1b1d5f3ee972f23e1ebadc35 installed
perl-Object-HashBase-0.009-7.el9.noarch 1644595007 45124 a825877ff46e21239588b5be83e9d47b installed
perl-ODBM_File-0:1.16-481.1.el9_6.x86_64 1753674689 33949 36f5a510f4c31882b6ead7eeffac3c48 installed
perl-Net-0:1.02-481.1.el9_6.noarch 1753674690 27147 e1bb219105f6cb1215b2559a0b8b8b2f installed
perl-NEXT-0:0.67-481.1.el9_6.noarch 1753674690 25121 4ff6199f4e43ebe064d822a76cf8db82 installed
perl-Module-Loaded-1:0.08-481.1.el9_6.noarch 1753674690 6044 3e42b5bd414c0a779b6f9d354a1961db installed
perl-MRO-Compat-0.13-15.el9.noarch 1645003478 25912 ca9d1a55159491b799f823a3cb4d8f2b installed
perl-Data-Section-0.200007-14.el9.noarch 1645014691 43062 e6cf1178e231681cb0fdef48cefa41e3 installed
perl-Software-License-0.103014-12.el9.noarch 1644603051 465010 0aedd7348f5ec1b31a66f98587b1b806 installed
perl-Importer-0.026-4.el9.noarch 1645019830 94972 2b01279d27705f1d96a476f91ceb3d4b installed
perl-Term-Table-0.015-8.el9.noarch 1645003427 61020 c64161df7a6660f4e43dcc7fda197c16 installed
perl-Test-Simple-3:1.302183-4.el9.noarch 1650006373 1387275 83e7d5236db70e5ea3617c937e4a2c01 installed
perl-IPC-System-Simple-1.30-6.el9.noarch 1645018619 73654 57f2dd1c1ce453acf68d89cb0b4bab02 installed
perl-autodie-2.34-4.el9.noarch 1648213644 220087 75622d74c5edc698e8a1cfb6edaa3bc4 installed
perl-IPC-SysV-2.09-4.el9.x86_64 1645012452 77062 00b13f81a83500b90eae38c10454fcf0 installed
perl-I18N-Langinfo-0:0.19-481.1.el9_6.x86_64 1753674689 30567 687f1c873dcdb3d2c7d1264f16ae061d installed
perl-I18N-Collate-0:1.02-481.1.el9_6.noarch 1753674690 8191 bfa75ffba6fa492a513c4d4fa123b772 installed
perl-GDBM_File-0:1.18-481.1.el9_6.x86_64 1753674689 32401 ac1fe2dee89cc7e718be874891ace684 installed
perl-FindBin-0:1.51-481.1.el9_6.noarch 1753674690 7441 8ca97c9735273564f673e652e97652fc installed
perl-FileCache-0:1.10-481.1.el9_6.noarch 1753674690 8583 0f2dc09ee8bac75df87a636bf6874a9e installed
perl-File-Which-1.23-10.el9.noarch 1645003191 30250 b22deb6c1cd285ba903de628ed1aee78 installed
perl-File-HomeDir-1.006-4.el9.noarch 1645008432 124471 75f5c912d5d8d55aeae01a144eb038b0 installed
perl-File-DosGlob-0:1.12-481.1.el9_6.x86_64 1753674689 26208 12a45a0ee89e3f2da5c0c8a35612f85a installed
perl-English-0:1.11-481.1.el9_6.noarch 1753674690 7319 e4297f64f846dcc965488cadc6e491e8 installed
perl-Devel-Size-0.83-10.el9.x86_64 1644593837 47461 ca6454c3c94f233d6f0e7e54dfb38519 installed
perl-DB_File-1.855-4.el9.x86_64 1645012514 194320 47ed55cafe36041e30795d1455c15480 installed
perl-Config-Perl-V-0.33-4.el9.noarch 1645017091 25255 4fc04590a6c95009df8ce3cd926a4496 installed
perl-Config-Extensions-0:0.03-481.1.el9_6.noarch 1753674690 3660 7f5eeb5ea57518cfa0c62897f75155ec installed
perl-Compress-Raw-Lzma-2.101-3.el9.x86_64 1644621500 125308 95291bbf5c9b814c8a9b8937627f54f3 installed
perl-IO-Compress-Lzma-2.101-4.el9.noarch 1644614242 212180 76c20288ac438fd0c23afc57e6b75506 installed
perl-Compress-Bzip2-2.28-5.el9.x86_64 1648204075 150436 72b83013c0bd7e2965e1fa3c0fa81ed8 installed
perl-Attribute-Handlers-0:1.01-481.1.el9_6.noarch 1753674690 39367 d940aebaec9f55e2b04bfada7266d2c5 installed
perl-Algorithm-Diff-1.2010-4.el9.noarch 1645016165 110575 bfb4042afcbbe845aaac21e20e525268 installed
perl-Text-Diff-1.45-13.el9.noarch 1645017995 85715 070c4ebb4ae176f2891d8835539689c4 installed
perl-Archive-Tar-2.38-6.el9.noarch 1648160568 157654 a1fcf20afab403f98c9535930b7f2beb installed
pcre2-utf32-10.40-6.el9.x86_64 1727906236 558912 c696f7dadf4f440a819a6a06eaa727bc installed
pcre2-utf16-10.40-6.el9.x86_64 1727906236 587664 a5d6ae229680ebe7255f614697b42f97 installed
pcre2-devel-10.40-6.el9.x86_64 1727906236 1980925 554b11b862bfb7babe3e97e108e4c219 installed
pcre-utf32-8.44-4.el9.x86_64 1727906000 464844 c6a9c1d7fb58ad094964c098e072d130 installed
pcre-utf16-8.44-4.el9.x86_64 1727906000 485316 efc94800e7bb0efd9eb89813d3d7ec3b installed
pcre-cpp-8.44-4.el9.x86_64 1727906000 48852 28506017a82405416a5e58d875b89dc3 installed
pcre-devel-8.44-4.el9.x86_64 1727906000 1737890 f6a4912ad346c86c813740bcfa79d027 installed
openssl-devel-1:3.5.1-7.el9_7.x86_64 1769616215 5537260 f1d818de0d04ea9cd839c6572023792f installed
ncurses-c++-libs-6.2-12.20210508.el9.x86_64 1758446456 164738 aa7f817d5ac83836d3a0b460b3f67795 installed
ncurses-devel-6.2-12.20210508.el9.x86_64 1758446456 877268 4ec7ae162aba1665084a2d2b6b7872aa installed
mariadb-connector-c-config-3.2.6-1.el9_0.noarch 1649714171 497 eeda30d20a69c80a0de9d2bdc4e6477d installed
mariadb-connector-c-3.2.6-1.el9_0.x86_64 1649713368 552544 2168f8e764990040c6dfbb07f2b15ca7 installed
net-snmp-agent-libs-1:5.9.1-17.el9_7.1.x86_64 1768492598 2345346 1f3bcb837ba65e79d533bce931bae36c installed
llvm-filesystem-20.1.8-3.el9.x86_64 1758138867 0 6b5f8dfba7f757bac663cac05cf24163 installed
llvm-libs-20.1.8-3.el9.x86_64 1758138867 129136343 bde3f3c23eeef68def64ba0e86d4ee9a installed
libxslt-1.1.34-14.el9_7.1.x86_64 1774971423 769519 8fc694c073367a40fe1a994e41acedaf installed
libverto-devel-0.3.2-3.el9.x86_64 1644467610 26313 d5817a44b54d1fb324e3be103b78ee7d installed
libstdc++-devel-11.5.0-11.el9.alma.1.x86_64 1757946440 13578432 4fe68a18ad0eb60c0c2fe48da22127ba installed
libsepol-devel-3.6-3.el9.x86_64 1758446100 123967 3c218b10db0eeefb6d25f4d2282c0cfc installed
libselinux-devel-3.6-3.el9.x86_64 1741822567 129137 eb354e14d3d0e65879352291b78f6767 installed
libpq-13.23-1.el9_7.x86_64 1768233729 752630 a0affb39b7d8cae90c39129dfdcf72ee installed
libgpg-error-devel-1.42-5.el9.x86_64 1644449054 233093 b00a4adb67cb6c38a777d93de2357ae8 installed
libffi-devel-3.4.2-8.el9.x86_64 1695671656 33846 7fda2c960f7233284f2c4b319ffecd08 installed
libdb-devel-5.3.28-57.el9_6.x86_64 1750774368 129124 dfda3d34dae3dee15bee29c7e0bb12bf installed
libcom_err-devel-1.46.5-8.el9.x86_64 1758466961 17068 91bc32b1ff376a68d75670f2743469b4 installed
libblkid-devel-2.37.4-21.el9_7.x86_64 1770239437 18206 f0cdaf98af14041257f2f19b7d194c25 installed
libmount-devel-2.37.4-21.el9_7.x86_64 1770239437 37480 45a4df8a8083ea360aba8f0ac7cce662 installed
libX11-xcb-1.7.0-11.el9.x86_64 1741868186 15076 e2c069cf0f81726289cf61aecbfb4d00 installed
libX11-common-1.7.0-11.el9.noarch 1741871264 1335069 07ee0f67dea563f419fa51050f9e280c installed
libX11-1.7.0-11.el9.x86_64 1741868186 1355036 9bb3d11440198c8f38284d8821a5222a installed
libX11-devel-1.7.0-11.el9.x86_64 1741868186 1074662 6e6bdbe7721001b8356992c5b09f9812 installed
libXext-1.3.4-8.el9.x86_64 1644438125 95740 5be92926b068a2aaec5db46266fa2a4b installed
libXpm-3.5.13-10.el9.x86_64 1711996311 128512 c514746796207788dda42b456c0f0dbe installed
libXrender-0.9.10-16.el9.x86_64 1644443985 51559 d721c9178aefa8a46802b77348f61f02 installed
cairo-1.17.4-7.el9.x86_64 1651409944 1714807 b239d639594effec91ded84d80879567 installed
libXt-1.2.0-6.el9.x86_64 1644445026 453289 fb1f821206e143777380bf16f08a0a01 installed
libXpm-devel-3.5.13-10.el9.x86_64 1711996311 80110 aff1df370ad3c3822a158b415db85db1 installed
t1lib-5.1.2-31.el9.x86_64 1649096563 415779 91f166c6341e728b50a96916019eb938 installed
keyutils-libs-devel-1.6.3-1.el9.x86_64 1680722150 49397 221d9d675e18d71f2410f83cb2474202 installed
kernel-headers-5.14.0-611.55.1.el9_7.x86_64 1779215584 6542797 ef696db4c55d44558d50ae50d46e4035 installed
libxcrypt-devel-4.4.18-3.el9.x86_64 1644465890 31019 70b117fa14e9563c49228c8f13c75eb1 installed
glibc-devel-2.34-231.el9_7.10.x86_64 1771325893 47544 a81b35529c85d5d389dbd5732ad6077b installed
gcc-11.5.0-11.el9.alma.1.x86_64 1757946440 89921610 eac121ef700e0ca4ffe1a62031bf86a7 installed
perl-Filter-2:1.60-4.el9.x86_64 1645001694 171929 f2847c466ac268cd70f749a54b940726 installed
perl-encoding-4:3.00-462.el9.x86_64 1644597714 148918 4ce4f2305283d7d0fe6d248567098490 installed
perl-open-0:1.12-481.1.el9_6.noarch 1753674690 12457 6563a2e1ffb144e0a8b88dbf484aefab installed
perl-Filter-Simple-0.96-460.el9.noarch 1645023310 52142 9f305821f1cea32f0b7e2b30a8943ee4 installed
gcc-c++-11.5.0-11.el9.alma.1.x86_64 1757946440 33829751 d0859ce0499256ed56ff8a9841b724c0 installed
jbigkit-libs-2.1-23.el9.x86_64 1644595346 116791 60a4bd812c87b50727db3c058fd02561 installed
libtiff-4.4.0-15.el9_7.3.x86_64 1777564292 586273 822196b7189b3c840f817c1c2d129d46 installed
libtiff-devel-4.4.0-15.el9_7.3.x86_64 1777564292 1785219 472a8bc0ace87c5bdc63985f91f1084f installed
gd3php-2.3.3-9.el9.remi.x86_64 1668669990 434567 3df0931ac1f066cd7591a43f1166da56 installed
hunspell-filesystem-1.7.0-11.el9.x86_64 1643660449 0 1ae9b4dfb51f5c7a176a391fa022fe9d installed
hunspell-en-US-0.20140811.1-20.el9.noarch 1643704153 556770 780930caf6231c4c61e45af1210d7fb4 installed
hunspell-1.7.0-11.el9.x86_64 1643660449 848857 e29c28ef538129ecdcc92ea3ac8b8024 installed
enchant-1:1.6.0-30.el9.x86_64 1643540516 160713 3dc7e3535af1e48f46308aa10c46d541 installed
httpd-filesystem-2.4.62-7.el9_7.3.noarch 1766442965 464 749b073de5aa42ffa3b37b80807f740b installed
gmp-c++-1:6.2.0-13.el9.x86_64 1696934960 32064 056e70b59be9666a5aa794ec6192a976 installed
bzip2-devel-1.0.8-10.el9_5.x86_64 1738640559 317215 3eec060c804d4889ae3d070cd4bac70c installed
brotli-1.0.9-9.el9_7.x86_64 1770289647 771402 8d9f672485e935f63f2293ba7bdfa4e7 installed
brotli-devel-1.0.9-9.el9_7.x86_64 1770289647 56825 b25169f9d223f5faa7bffb94a7d132fa installed
tpm2-tss-3.2.3-1.el9.x86_64 1727905351 2232000 66aacb2b3f16817275f284c9e2c2ff68 installed
systemd-rpm-macros-252-55.el9_7.9.alma.1.noarch 1777995904 10405 6c116699ec2682d0609132c4e0930dcb installed
python3-setuptools-wheel-53.0.0-15.el9.noarch 1758455175 562657 6dabf1be9c0bad3cff22de1ee5c4aa55 installed
python3-pip-wheel-21.3.1-1.el9.noarch 1727896409 1232785 9776687e8574698e2fd9c7a6f9eef039 installed
python3-3.9.25-3.el9_7.3.x86_64 1777310930 32836 58c1ddce14e3ddabafe549f93beebbe2 installed
python3-libs-3.9.25-3.el9_7.3.x86_64 1777310930 33023367 b5157508b18745e02a69e494120e0ee6 installed
glib2-devel-2.68.4-18.el9_7.2.x86_64 1778513550 3058219 d047a1d2d393b3e23ed69497d32ba33d installed
python3-pyparsing-2.4.7-9.el9.noarch 1648232198 650026 7c73411bfe608520c15240aca7f83c12 installed
systemtap-sdt-dtrace-5.3-3.el9.x86_64 1758695466 184227 39b3cb50d471ab86277e75d1de932c54 installed
systemtap-sdt-devel-5.3-3.el9.x86_64 1758695466 187601 556577c744afb8230103e8b3bd1324e0 installed
perl-ExtUtils-Install-2.20-4.el9.noarch 1645022109 88180 15a2b14bd26b2f4d70e11c70ebb7e88d installed
perl-devel-4:5.32.1-481.1.el9_6.x86_64 1753674689 7699783 ba3fdd66fb966bba4dbf3ba1462017a3 installed
perl-ExtUtils-MakeMaker-2:7.60-3.el9.noarch 1645696583 756013 684fec6238be61ef9a8a41a82afed276 installed
perl-ExtUtils-CBuilder-1:0.280236-4.el9.noarch 1645022882 98754 5d1fb1b02157620ad063a10e8bdd41fd installed
perl-ExtUtils-Embed-0:1.35-481.1.el9_6.noarch 1753674690 16861 099cb4ba2f4eb42198c876724f5f3ba1 installed
perl-ExtUtils-Miniperl-0:1.09-481.1.el9_6.noarch 1753674690 9994 be32b57fbbfdb56f49f2627bb7a1ddb4 installed
perl-libnetcfg-4:5.32.1-481.1.el9_6.noarch 1753674690 18265 cde35a6290522d3de3cc40a752b099e7 installed
perl-Encode-devel-4:3.08-462.el9.x86_64 1644597714 102148 74af2749715a61e85750603c54fa4c35 installed
perl-inc-latest-2:0.500-20.el9.noarch 1645002672 35853 6a11396231bbc5130fde2bdce40e2c90 installed
perl-Module-Build-2:0.42.31-9.el9.noarch 1645011982 668479 37c15c877d45dcccd9ffdab981d80f86 installed
npth-1.6-8.el9.x86_64 1645791541 50619 3b35ca6e537948cb8cb49e1ca3790bd2 installed
mailcap-2.1.49-5.el9.noarch 1644573698 80180 f69feed69f15ec58bf49b93db700a891 installed
httpd-core-2.4.62-7.el9_7.3.x86_64 1766442938 4916401 2d077290b47ec9f19e4c92ac35497158 installed
libtirpc-1.3.3-9.el9.x86_64 1727804789 207306 f1f028b50ba7ec158d3d6d6995c99690 installed
libnsl2-2.0.0-1.el9.x86_64 1648679843 59558 c3839ae0ead344949377626aef43e2a1 installed
libselinux-utils-3.6-3.el9.x86_64 1741822567 422851 9886a7705d3eec2bfafa2eacf2727b5f installed
policycoreutils-3.6-3.el9.x86_64 1758446640 722176 1ba0abf72d29074349f226baf2ec05d4 installed
libseccomp-2.5.2-2.el9.x86_64 1644458249 175269 98c287f27456bdc4196130779a910832 installed
libksba-1.5.1-7.el9.x86_64 1727801425 394494 6dcfc802c79f0c7f1f8b3a0912756d93 installed
libkadm5-1.21.1-9.el9_7.x86_64 1776790395 226798 2d1dcaa333a5ae4275a7ab55117601b3 installed
libicu-67.1-10.el9_6.x86_64 1753805754 34099729 b42d3694b9c56640fb1083f219436cc5 installed
harfbuzz-icu-2.7.4-10.el9.x86_64 1712077271 15422 2ee1af734419bb3266af34ab611fce1f installed
freetype-devel-2.10.4-10.el9_5.x86_64 1743435620 6200299 9a6422c30504c02c97db35aa90677f2e installed
harfbuzz-devel-2.7.4-10.el9.x86_64 1712077271 3656222 e8ec0f2a2171a8bdfa99ccb062e8c8b7 installed
libraqm-devel-0.8.0-1.el9.x86_64 1643294195 8240 9d92bcc5b0868149c37e22f3dff846ce installed
libassuan-2.5.5-3.el9.x86_64 1644438878 171157 8ac858829e2934e515ec1ad98226e0f2 installed
gnupg2-2.3.3-5.el9_7.x86_64 1768512785 9227613 36cdb3a21900199ec00a84885e8c59bf installed
perl-Module-Signature-0.88-1.el9.noarch 1648588392 139139 fb81723696a8dc5096ce8024d9588dc2 installed
perl-CPAN-2.29-5.el9_6.noarch 1747170013 1970465 ea409c75de87c560c6611628b1a609d5 installed
perl-4:5.32.1-481.1.el9_6.x86_64 1753674689 0 4a107ec4e8079944b8c032d374f104dc installed
kmod-libs-28-11.el9.x86_64 1758195672 133910 20a7c73ded8b3813fe3e3189dc31ab45 installed
keyutils-1.6.3-1.el9.x86_64 1680722150 161876 7dd8334f3266659029913f3378e71ca4 installed
gettext-libs-0.21-8.el9.x86_64 1695797385 1023620 6634dd35f043488fcc760f68c7af7e4a installed
gettext-0.21-8.el9.x86_64 1695797385 5278479 53b12bcc8a893547f0d91b171f4abacb installed
fontconfig-devel-2.14.0-2.el9_1.x86_64 1674503254 119100 32d9ae265bfb6786328b73f7a55af583 installed
attr-2.5.1-3.el9.x86_64 1643373859 166277 c26cc7291d9b25235dd5218bfee78eaf installed
ima-evm-utils-1.6.2-2.el9.x86_64 1758445867 169160 6d7b997fa2b1acf227bb32dc7bf3729b installed
rpm-sign-libs-4.16.1.3-39.el9.x86_64 1759305441 27636 28e8f4d5fcbd0fb3e9fccd59b450a4bc installed
rpm-devel-4.16.1.3-39.el9.x86_64 1759305441 293629 96313cc197811fa839b6e09b109245df installed
acl-2.3.1-4.el9.x86_64 1712068496 212167 1d0530af06512fef2d355c6213157c08 installed
dbus-1:1.12.20-8.el9.x86_64 1695765039 0 d0edbea7011398f04d0fe9730f1d7856 installed
systemd-pam-252-55.el9_7.9.alma.1.x86_64 1777995852 522483 a34eb14a1aecfbf78ba29ec33e016652 installed
systemd-252-55.el9_7.9.alma.1.x86_64 1777995852 12870376 afea9b6f563ebe1b28af5c5a884593ca installed
dbus-common-1:1.12.20-8.el9.noarch 1695763323 11394 bae88bf95fdeab1240fc8b04af8666ec installed
dbus-broker-28-7.el9.x86_64 1665767462 396466 2b9ec3491790b01982af17a13cd77881 installed
cyrus-sasl-2.1.27-22.el9.x86_64 1758800767 146695 415ace8233187c146311de359b7f0ad0 installed
cyrus-sasl-devel-2.1.27-22.el9.x86_64 1758800767 210582 150a1d63196a0c45aece687a42ed3479 installed
openldap-devel-2.6.8-4.el9.x86_64 1741868893 3907201 f5ee252f640925e2f26591626912af80 installed
apr-util-devel-1.6.1-23.el9.x86_64 1695795409 324944 fdd7c844314254165a73db5a017e53c1 installed
httpd-devel-2.4.62-7.el9_7.3.x86_64 1766442938 933887 8aeaa2ead8472cca6099f93d8aa7bafd installed
exim-4.99.2-1.el9.x86_64 1777676291 5253455 c97670810dc0052b70dd17eb61c8d50e installed
systemd-devel-252-55.el9_7.9.alma.1.x86_64 1777995852 494339 b90e61a6bc7f39fe778579c4cc1c8d87 installed
net-snmp-devel-1:5.9.1-17.el9_7.1.x86_64 1768492598 783576 2bd74d7b603a4f66b987c739ce806e14 installed
gd3php-devel-2.3.3-9.el9.remi.x86_64 1668669990 127357 9761971b9ec1335154678b5e8bb4c005 installed
krb5-devel-1.21.1-9.el9_7.x86_64 1776790395 723566 b418731e2144349aa945f10e3f0e70f1 installed
enchant-devel-1:1.6.0-30.el9.x86_64 1643540516 19269 e14703a47bcbc3c2a808aebaa84e0050 installed
gmp-devel-1:6.2.0-13.el9.x86_64 1696934960 358975 4af6d59a81112a5ecfb8b28dd61289de installed
annobin-12.98-1.el9.x86_64 1758137359 1225753 7634fb710d9cba305e80173af43bd162 installed
gcc-plugin-annobin-11.5.0-11.el9.alma.1.x86_64 1757946440 57770 8ae836ce803cdfb4a0a461f874d569df installed
libtool-2.4.6-46.el9.x86_64 1727804946 2687641 3d91f5b35fbd7515fcc62b6574a76d17 installed
t1lib-devel-5.1.2-31.el9.x86_64 1649096563 807302 57b3b15c9e6f9c777b24011f21c14bf6 installed
libxslt-devel-1.1.34-14.el9_7.1.x86_64 1774971423 2555939 933eb98245e3e348bc16f8ce40be30cc installed
libpq-devel-13.23-1.el9_7.x86_64 1768233729 328655 02f6fcde209928c5d08e51033dd8e2fb installed
libedit-devel-3.1-38.20210216cvs.el9.x86_64 1695670210 58554 bbf1704112629d2f0ca83018d4bef0fb installed
sqlite-devel-3.34.1-9.el9_7.x86_64 1762899228 618909 c2d3815e929d40c1326b01ec8a5f9a29 installed
tokyocabinet-devel-1.4.48-19.el9.x86_64 1644586483 471249 87f7bd29ab0285943fa259e4662afc4a installed
aspell-devel-12:0.60.8-8.el9.x86_64 1643233627 61511 4594b58e7962c58914f36f4cfa6a461c installed
libmcrypt-devel-2.5.8-30.el9.x86_64 1640810826 19143 3bb75e1a5db102f9960dfa041e290b25 installed
libtidy-devel-5.8.0-2.el9.x86_64 1640807413 193904 b57879e5caaacc1268f623026c13ab89 installed
recode-devel-3.7.11-1.el9.x86_64 1644467663 28500 4872cfa97f2d788848b44012d766f76d installed
uw-imap-devel-2007f-30.el9.remi.x86_64 1636035163 235757 3a3295e075679891e013059b7450ebf5 installed
freetds-devel-1.4.23-1.el9.x86_64 1728315990 160522 a47b4cc7999dad6fecb505c53ba959cf installed
libacl-devel-2.3.1-4.el9.x86_64 1712068496 60614 4717e89b3a032ac98ca5e7730cd2cdc7 installed
libtool-ltdl-devel-2.4.6-46.el9.x86_64 1727804946 836261 237eb99e00031514121879d452b87a7c installed
unixODBC-devel-2.3.9-4.el9.x86_64 1644562414 212522 8f20171001ed8efc2d920b832fe6d27e installed
pam-devel-1.5.1-26.el9_6.x86_64 1756871129 610109 f81b844a8adc04ce7edd1dbd82fb3bd5 installed
libcurl-devel-7.76.1-35.el9_7.3.x86_64 1769588759 1449321 132ddc05aaccb2a326ebe7147f6bd8ed installed
